
Clover EFI installer log - Tue Aug  7 10:50:28 CST 2018
Installer version: v2.4k r4630 EFI bootloader
======================================================
/dev/disk0 (internal):
   #:                       TYPE NAME                    SIZE       IDENTIFIER
   0:      GUID_partition_scheme                         1.0 TB     disk0
   1:                        EFI EFI                     629.1 MB   disk0s1
   2:       Microsoft Basic Data Windows                 1.0 TB     disk0s2
   3:           Windows Recovery                         946.9 MB   disk0s3

/dev/disk1 (internal, physical):
   #:                       TYPE NAME                    SIZE       IDENTIFIER
   0:      GUID_partition_scheme                        *512.1 GB   disk1
   1: 142F5F5D-B9E5-4433-87C0-68B6B72699C7               209.7 MB   disk1s1
   2:                 Apple_APFS Container disk2         511.9 GB   disk1s2

/dev/disk2 (synthesized):
   #:                       TYPE NAME                    SIZE       IDENTIFIER
   0:      APFS Container Scheme -                      +511.9 GB   disk2
                                 Physical Store disk1s2
   1:                APFS Volume Macintosh               180.7 GB   disk2s1
   2:                APFS Volume Preboot                 104.0 MB   disk2s2
   3:                APFS Volume Recovery                2.6 GB     disk2s3
   4:                APFS Volume VM                      1.1 GB     disk2s4

Target volume /Volumes/Macintosh on disk2 is APFS on physical store disk1s2
======================================================
Backing up EFI files

Backing up /Volumes/Macintosh/EFIROOTDIR/EFI folder to /Volumes/Macintosh/EFI-Backups/r4542/2018-08-07-10h50/EFI
======================================================
Installing BootSectors/BootLoader

Stage 0 - Don't write any of boot0af, boot0md, boot0ss to /
Stage 1 - Don't write any of boot1h2, boot1f32alt, boot1xalt to /

Removing drivers64UEFI/VBoxHfs-64.efi driver because HFSPlus driver present

======================================================
=========== Clover EFI Installation Finish ===========
======================================================
