
Clover EFI installer log - Mon Jun 25 08:00:22 JST 2018
Installer version: v2.4k r4558 EFI bootloader
======================================================
/dev/disk0 (internal, physical):
   #:                       TYPE NAME                    SIZE       IDENTIFIER
   0:      GUID_partition_scheme                        *512.1 GB   disk0
   1: 142F5F5D-B9E5-4433-87C0-68B6B72699C7               209.7 MB   disk0s1
   2:                 Apple_APFS Container disk2         511.9 GB   disk0s2

/dev/disk1 (internal):
   #:                       TYPE NAME                    SIZE       IDENTIFIER
   0:      GUID_partition_scheme                         1.0 TB     disk1
   1:                        EFI EFI                     629.1 MB   disk1s1
   2:       Microsoft Basic Data Windows                 1.0 TB     disk1s2
   3:           Windows Recovery                         946.9 MB   disk1s3

/dev/disk2 (synthesized):
   #:                       TYPE NAME                    SIZE       IDENTIFIER
   0:      APFS Container Scheme -                      +511.9 GB   disk2
                                 Physical Store disk0s2
   1:                APFS Volume Macintosh               270.2 GB   disk2s1
   2:                APFS Volume Preboot                 22.2 MB    disk2s2
   3:                APFS Volume Recovery                518.1 MB   disk2s3
   4:                APFS Volume VM                      1.1 GB     disk2s4

Target volume /Volumes/Macintosh on disk2 is APFS on physical store disk0s2
======================================================
Backing up EFI files

Backing up stage2 file /Volumes/Macintosh/EFIROOTDIR/boot  to /Volumes/Macintosh/EFI-Backups/r4542/2018-06-25-08h00/boot
Backing up /Volumes/Macintosh/EFIROOTDIR/EFI folder to /Volumes/Macintosh/EFI-Backups/r4542/2018-06-25-08h00/EFI
======================================================
Installing BootSectors/BootLoader

Stage 0 - Don't write any of boot0af, boot0md, boot0ss to /
Stage 1 - Don't write any of boot1h2, boot1f32alt, boot1xalt to /
Stage 2 - Written boot6 (x64) to /Volumes/ESP/boot

Removing drivers64UEFI/VBoxHfs-64.efi driver because HFSPlus driver present

======================================================
=========== Clover EFI Installation Finish ===========
======================================================
