
Clover EFI installer log - Sat Jan 13 20:29:04 PST 2018
Installer version: v2.4k r4369 EFI bootloader
======================================================
/dev/disk0 (internal, physical):
   #:                       TYPE NAME                    SIZE       IDENTIFIER
   0:      GUID_partition_scheme                        *512.1 GB   disk0
   1: 142F5F5D-B9E5-4433-87C0-68B6B72699C7               209.7 MB   disk0s1
   2:                  Apple_HFS Macintosh               511.3 GB   disk0s2
   3:                 Apple_Boot Recovery HD             650.0 MB   disk0s3

/dev/disk1 (internal):
   #:                       TYPE NAME                    SIZE       IDENTIFIER
   0:      GUID_partition_scheme                         1.0 TB     disk1
   1:       Microsoft Basic Data EFI                     629.1 MB   disk1s1
   2:       Microsoft Basic Data Windows                 1.0 TB     disk1s2
   3:           Windows Recovery                         946.9 MB   disk1s3

======================================================
Backing up EFI files

Backing up stage2 file /Volumes/Macintosh/EFIROOTDIR/boot  to /Volumes/Macintosh/EFI-Backups/r4359/2018-01-13-20h29/boot
Backing up /Volumes/Macintosh/EFIROOTDIR/EFI folder to /Volumes/Macintosh/EFI-Backups/r4359/2018-01-13-20h29/EFI
======================================================
Installing BootSectors/BootLoader

Stage 0 - Don't write any of boot0af, boot0md, boot0ss to /
Stage 1 - Don't write any of boot1h2, boot1f32alt, boot1xalt to /
Stage 2 - Written boot6 (x64) to /Volumes/ESP/boot

Removing drivers64UEFI/VBoxHfs-64.efi driver because HFSPlus driver present

======================================================
=========== Clover EFI Installation Finish ===========
======================================================
